Renesas Optimizing Linker (W3.04.00 )             21-Oct-2022 16:13:36

*** Options ***

-subcommand=DefaultBuild\PVG_DataFlash.clnk
-Input=DefaultBuild\cstart.obj
-Input=DefaultBuild\hdwinit.obj
-Input=DefaultBuild\stkinit.obj
-Input=DefaultBuild\r_cg_cgc.obj
-Input=DefaultBuild\r_cg_cgc_user.obj
-Input=DefaultBuild\r_cg_port.obj
-Input=DefaultBuild\r_cg_port_user.obj
-Input=DefaultBuild\r_cg_timer.obj
-Input=DefaultBuild\r_cg_timer_user.obj
-Input=DefaultBuild\r_main.obj
-Input=DefaultBuild\r_systeminit.obj
-Input=DefaultBuild\r_pfdl.obj
-LIBrary=rl78_pfdl\pfdl.lib
-SECURITY_ID=00000000000000000000
-DEVICE=C:\Program Files (x86)\Renesas Electronics\CS+\CC\Device\RL78\Devicefile\DR5F10DPL.DVF
-DEBug
-NOCOmpress
-NOOPtimize
-OUtput=DefaultBuild\PVG_DataFlash.abs
-LIBrary=C:\Program Files (x86)\Renesas Electronics\CS+\CC\CC-RL\V1.11.00\lib\rl78cm4s.lib
-LIBrary=C:\Program Files (x86)\Renesas Electronics\CS+\CC\CC-RL\V1.11.00\lib\malloc_n.lib
-LIBrary=C:\Program Files (x86)\Renesas Electronics\CS+\CC\CC-RL\V1.11.00\lib\rl78cm4r.lib
-OCDBG=84
-DEBUG_MONITOR=7FE00-7FFFF
-USER_OPT_BYTE=EFFFC8
-LISt=DefaultBuild\PVG_DataFlash.map
-STARt=PFDL_COD*/000D8,.const,.text,.RLIB,.SLIB,.textf,.constf,.data,.sdata/03000,.dataR,.bss/FAF00,.sdataR,.sbss/FFE20
-ROm=.data=.dataR
-ROm=.sdata=.sdataR
-NOMessage
-MEMory=High
-NOLOgo
-end

*** Error information ***

*** Mapping List ***

SECTION                            START      END         SIZE   ALIGN
.vect
                                  00000000  0000007f        80   0
.option_byte
                                  000000c0  000000c3         4   1
.security_id
                                  000000c4  000000cd         a   1
.monitor1
                                  000000ce  000000d7         a   1
PFDL_COD
                                  000000d8  00000165        8e   2
.const
                                  00003000  00003000         0   2
.text
                                  00003000  0000306e        6f   1
.RLIB
                                  0000306f  0000306f         0   1
.SLIB
                                  0000306f  0000306f         0   1
.textf
                                  0000306f  000032fa       28c   1
.constf
                                  000032fc  000032fc         0   2
.data
                                  000032fc  00003309         e   2
.sdata
                                  0000330a  0000330a         0   2
.monitor2
                                  0007fe00  0007ffff       200   1
.dataR
                                  000faf00  000faf0d         e   2
.bss
                                  000faf0e  000faf17         a   2
.sdataR
                                  000ffe20  000ffe20         0   2
.sbss
                                  000ffe20  000ffe20         0   2
