Renesas Optimizing Linker (W3.04.00 )             17-Oct-2022 16:11:45

*** Options ***

-subcommand=DefaultBuild\CSP_CCRL_R5F104PJ_DataFlash.clnk
-Input=DefaultBuild\cstart.obj
-Input=DefaultBuild\stkinit.obj
-Input=DefaultBuild\r_main.obj
-Input=DefaultBuild\r_systeminit.obj
-Input=DefaultBuild\r_cg_cgc.obj
-Input=DefaultBuild\r_cg_cgc_user.obj
-LIBrary=pfdl.lib
-SECURITY_ID=00000000000000000000
-DEVICE=C:\Program Files (x86)\Renesas Electronics\CS+\CC\Device\RL78\Devicefile\DR5F10DPL.DVF
-DEBug
-NOCOmpress
-NOOPtimize
-OUtput=DefaultBuild\CSP_CCRL_R5F104PJ_DataFlash.abs
-LIBrary=C:\Program Files (x86)\Renesas Electronics\CS+\CC\CC-RL\V1.11.00\lib\rl78cm4s.lib
-LIBrary=C:\Program Files (x86)\Renesas Electronics\CS+\CC\CC-RL\V1.11.00\lib\malloc_n.lib
-LIBrary=C:\Program Files (x86)\Renesas Electronics\CS+\CC\CC-RL\V1.11.00\lib\rl78cm4r.lib
-OCDBG=84
-DEBUG_MONITOR=7FE00-7FFFF
-USER_OPT_BYTE=EFFFE8
-LISt=DefaultBuild\CSP_CCRL_R5F104PJ_DataFlash.map
-AUTO_SECTION_LAYOUT
-ROm=.data=.dataR
-ROm=.sdata=.sdataR
-NOMessage
-MEMory=High
-NOLOgo
-end

*** Error information ***

*** Mapping List ***

SECTION                            START      END         SIZE   ALIGN
.vect
                                  00000000  0000007f        80   0
.constf
                                  00000080  00000080         0   2
.sdata
                                  00000080  00000080         0   2
.option_byte
                                  000000c0  000000c3         4   1
.security_id
                                  000000c4  000000cd         a   1
.RLIB
                                  000000c4  000000c4         0   1
.SLIB
                                  000000c4  000000c4         0   1
.monitor1
                                  000000ce  000000d7         a   1
.data
                                  000000d8  00000206       12f   2
.text
                                  00000207  00000260        5a   1
PFDL_COD
                                  00000262  000002ef        8e   2
.textf
                                  000002f0  00000539       24a   1
.const
                                  00003000  00003000         0   2
.monitor2
                                  0007fe00  0007ffff       200   1
.bss
                                  000f9f00  000f9f00         0   2
.dataR
                                  000f9f00  000fa02e       12f   2
.sbss
                                  000ffe20  000ffe20         0   2
.sdataR
                                  000ffe20  000ffe20         0   2
